[INFO] Source directory: /Volumes/ssd_zhang/work/thesis_michel/server_processing/t0_rootFiles/wvf_merged_20251053/
[INFO] Destination directory: /Volumes/ssd_zhang/work/thesis_michel/server_processing/t0_rootFiles/wvf_merged_applyCut_20251053/
[WARNING] Destination already exists, removing: /Volumes/ssd_zhang/work/thesis_michel/server_processing/t0_rootFiles/wvf_merged_applyCut_20251053/
[INFO] Created clean destination directory.
[INFO] Found 754 ROOT files to process.
[PASS] wvfFind_event1294_trackID3_opNum9_merged.root → copied (ms_ch=9)
[PASS] wvfFind_event1062_trackID2_opNum6_merged.root → copied (ms_ch=6)
[PASS] wvfFind_event345_trackID18_opNum9_merged.root → copied (ms_ch=9)
[PASS] wvfFind_event4555_trackID18_opNum9_merged.root → copied (ms_ch=9)
[SKIP] wvfFind_event4747_trackID21_opNum1_merged.root (ms_ch=1)
[PASS] wvfFind_event4714_trackID18_opNum8_merged.root → copied (ms_ch=8)
[PASS] wvfFind_event2437_trackID12_opNum9_merged.root → copied (ms_ch=9)
[PASS] wvfFind_event3697_trackID7_opNum9_merged.root → copied (ms_ch=9)
[SKIP] wvfFind_event1578_trackID10_opNum2_merged.root (ms_ch=2)
[PASS] wvfFind_event2937_trackID6_opNum9_merged.root → copied (ms_ch=9)
[PASS] wvfFind_event927_trackID2_opNum9_merged.root → copied (ms_ch=9)
[SKIP] wvfFind_event2229_trackID25_opNum2_merged.root (ms_ch=2)
[PASS] wvfFind_event679_trackID8_opNum8_merged.root → copied (ms_ch=8)
[SKIP] wvfFind_event3068_trackID18_opNum1_merged.root (ms_ch=1)
[PASS] wvfFind_event3338_trackID19_opNum9_merged.root → copied (ms_ch=9)
[SKIP] wvfFind_event3360_trackID13_opNum3_merged.root (ms_ch=3)
[PASS] wvfFind_event4906_trackID3_opNum5_merged.root → copied (ms_ch=5)
[PASS] wvfFind_event1495_trackID5_opNum6_merged.root → copied (ms_ch=6)
[PASS] wvfFind_event1528_trackID15_opNum9_merged.root → copied (ms_ch=9)
[PASS] wvfFind_event3728_trackID4_opNum9_merged.root → copied (ms_ch=9)
[PASS] wvfFind_event3918_trackID10_opNum9_merged.root → copied (ms_ch=9)
[PASS] wvfFind_event2661_trackID11_opNum6_merged.root → copied (ms_ch=6)
[PASS] wvfFind_event417_trackID5_opNum9_merged.root → copied (ms_ch=9)
[PASS] wvfFind_event713_trackID23_opNum9_merged.root → copied (ms_ch=9)
[PASS] wvfFind_event4592_trackID13_opNum9_merged.root → copied (ms_ch=9)
[PASS] wvfFind_event4593_trackID6_opNum9_merged.root → copied (ms_ch=9)
[PASS] wvfFind_event435_trackID3_opNum9_merged.root → copied (ms_ch=9)
[SKIP] wvfFind_event350_trackID15_opNum2_2.root (ms_ch=2)
[PASS] wvfFind_event3458_trackID6_opNum8_merged.root → copied (ms_ch=8)
[PASS] wvfFind_event1274_trackID19_opNum7_merged.root → copied (ms_ch=7)
[PASS] wvfFind_event4318_trackID10_opNum8_merged.root → copied (ms_ch=8)
[PASS] wvfFind_event2917_trackID4_opNum9_merged.root → copied (ms_ch=9)
[PASS] wvfFind_event1479_trackID5_opNum4_merged.root → copied (ms_ch=4)
[PASS] wvfFind_event1658_trackID23_opNum4_merged.root → copied (ms_ch=4)
[PASS] wvfFind_event2239_trackID12_opNum9_merged.root → copied (ms_ch=9)
[PASS] wvfFind_event4421_trackID2_opNum9_merged.root → copied (ms_ch=9)
[PASS] wvfFind_event4254_trackID3_opNum9_merged.root → copied (ms_ch=9)
[PASS] wvfFind_event3223_trackID5_opNum9_merged.root → copied (ms_ch=9)
[PASS] wvfFind_event4279_trackID13_opNum6_merged.root → copied (ms_ch=6)
[PASS] wvfFind_event985_trackID30_opNum8_merged.root → copied (ms_ch=8)
[PASS] wvfFind_event4262_trackID1_opNum9_merged.root → copied (ms_ch=9)
[PASS] wvfFind_event4225_trackID10_opNum5_merged.root → copied (ms_ch=5)
[SKIP] wvfFind_event4624_trackID2_opNum1_merged.root (ms_ch=1)
[PASS] wvfFind_event633_trackID3_opNum6_merged.root → copied (ms_ch=6)
[PASS] wvfFind_event1503_trackID7_opNum8_merged.root → copied (ms_ch=8)
[SKIP] wvfFind_event536_trackID3_opNum1_merged.root (ms_ch=1)
[SKIP] wvfFind_event3210_trackID15_opNum3.root (ms_ch=3)
[SKIP] wvfFind_event2006_trackID17_opNum2_merged.root (ms_ch=2)
[PASS] wvfFind_event2269_trackID7_opNum9_merged.root → copied (ms_ch=9)
[PASS] wvfFind_event3810_trackID0_opNum9_merged.root → copied (ms_ch=9)
[PASS] wvfFind_event2986_trackID14_opNum9_merged.root → copied (ms_ch=9)
[PASS] wvfFind_event2157_trackID9_opNum4_merged.root → copied (ms_ch=4)
[PASS] wvfFind_event1003_trackID4_opNum9_merged.root → copied (ms_ch=9)
[SKIP] wvfFind_event3839_trackID6_opNum3_merged.root (ms_ch=3)
[SKIP] wvfFind_event1768_trackID19_opNum1_merged.root (ms_ch=1)
[PASS] wvfFind_event4689_trackID15_opNum8_merged.root → copied (ms_ch=8)
[SKIP] wvfFind_event2506_trackID7_opNum3_merged.root (ms_ch=3)
[SKIP] wvfFind_event2623_trackID12_opNum3_merged.root (ms_ch=3)
[PASS] wvfFind_event3344_trackID2_opNum9_merged.root → copied (ms_ch=9)
[PASS] wvfFind_event1858_trackID17_opNum8_merged.root → copied (ms_ch=8)
[PASS] wvfFind_event452_trackID17_opNum6_merged.root → copied (ms_ch=6)
[PASS] wvfFind_event2371_trackID7_opNum5_merged.root → copied (ms_ch=5)
[PASS] wvfFind_event2183_trackID5_opNum9_merged.root → copied (ms_ch=9)
[PASS] wvfFind_event2099_trackID2_opNum9_merged.root → copied (ms_ch=9)
[PASS] wvfFind_event2598_trackID9_opNum8_merged.root → copied (ms_ch=8)
[PASS] wvfFind_event1725_trackID7_opNum5_merged.root → copied (ms_ch=5)
[PASS] wvfFind_event2884_trackID0_opNum6.root → copied (ms_ch=6)
[PASS] wvfFind_event2905_trackID20_opNum8_merged.root → copied (ms_ch=8)
[SKIP] wvfFind_event4066_trackID9_opNum1_merged.root (ms_ch=1)
[PASS] wvfFind_event3790_trackID22_opNum9_merged.root → copied (ms_ch=9)
[SKIP] wvfFind_event2821_trackID7_opNum1_merged.root (ms_ch=1)
[SKIP] wvfFind_event444_trackID28_opNum1_merged.root (ms_ch=1)
[PASS] wvfFind_event4219_trackID0_opNum9_merged.root → copied (ms_ch=9)
[SKIP] wvfFind_event1811_trackID20_opNum2.root (ms_ch=2)
[PASS] wvfFind_event1340_trackID15_opNum9_merged.root → copied (ms_ch=9)
[PASS] wvfFind_event3544_trackID9_opNum9_merged.root → copied (ms_ch=9)
[PASS] wvfFind_event4767_trackID14_opNum6_merged.root → copied (ms_ch=6)
[PASS] wvfFind_event1426_trackID4_opNum9_merged.root → copied (ms_ch=9)
[PASS] wvfFind_event3548_trackID5_opNum5_merged.root → copied (ms_ch=5)
[SKIP] wvfFind_event3071_trackID15_opNum3_merged.root (ms_ch=3)
[PASS] wvfFind_event2560_trackID6_opNum9_merged.root → copied (ms_ch=9)
[PASS] wvfFind_event1654_trackID28_opNum5_merged.root → copied (ms_ch=5)
[PASS] wvfFind_event2088_trackID18_opNum5_merged.root → copied (ms_ch=5)
[PASS] wvfFind_event1156_trackID7_opNum5_merged.root → copied (ms_ch=5)
[SKIP] wvfFind_event1540_trackID11_opNum1_merged.root (ms_ch=1)
[PASS] wvfFind_event957_trackID5_opNum9_merged.root → copied (ms_ch=9)
[PASS] wvfFind_event984_trackID11_opNum8_merged.root → copied (ms_ch=8)
[PASS] wvfFind_event915_trackID12_opNum9_merged.root → copied (ms_ch=9)
[PASS] wvfFind_event2871_trackID25_opNum5_merged.root → copied (ms_ch=5)
[SKIP] wvfFind_event1639_trackID12_opNum2_merged.root (ms_ch=2)
[PASS] wvfFind_event2513_trackID3_opNum9_merged.root → copied (ms_ch=9)
[PASS] wvfFind_event1792_trackID3_opNum6_merged.root → copied (ms_ch=6)
[PASS] wvfFind_event2407_trackID1_opNum5_merged.root → copied (ms_ch=5)
[PASS] wvfFind_event194_trackID24_opNum9_merged.root → copied (ms_ch=9)
[SKIP] wvfFind_event1779_trackID35_opNum2_merged.root (ms_ch=2)
[SKIP] wvfFind_event1482_trackID3_opNum3.root (ms_ch=3)
[PASS] wvfFind_event2739_trackID6_opNum9_merged.root → copied (ms_ch=9)
[SKIP] wvfFind_event1204_trackID5_opNum2_merged.root (ms_ch=2)
[SKIP] wvfFind_event2560_trackID7_opNum2_merged.root (ms_ch=2)
[PASS] wvfFind_event189_trackID12_opNum9_merged.root → copied (ms_ch=9)
[PASS] wvfFind_event4547_trackID11_opNum9_merged.root → copied (ms_ch=9)
[PASS] wvfFind_event4410_trackID7_opNum9_merged.root → copied (ms_ch=9)
[SKIP] wvfFind_event3443_trackID4_opNum2_merged.root (ms_ch=2)
[PASS] wvfFind_event2890_trackID11_opNum9_merged.root → copied (ms_ch=9)
[SKIP] wvfFind_event4958_trackID4_opNum1_merged.root (ms_ch=1)
[PASS] wvfFind_event4253_trackID4_opNum9_merged.root → copied (ms_ch=9)
[PASS] wvfFind_event1559_trackID14_opNum9_merged.root → copied (ms_ch=9)
[PASS] wvfFind_event4919_trackID1_opNum9_merged.root → copied (ms_ch=9)
[PASS] wvfFind_event685_trackID8_opNum8_merged.root → copied (ms_ch=8)
[SKIP] wvfFind_event1230_trackID9_opNum3.root (ms_ch=3)
[PASS] wvfFind_event2900_trackID2_opNum9_merged.root → copied (ms_ch=9)
[PASS] wvfFind_event763_trackID5_opNum9_merged.root → copied (ms_ch=9)
[PASS] wvfFind_event4929_trackID14_opNum5_merged.root → copied (ms_ch=5)
[PASS] wvfFind_event453_trackID18_opNum6_merged.root → copied (ms_ch=6)
[SKIP] wvfFind_event426_trackID9_opNum3.root (ms_ch=3)
[PASS] wvfFind_event2825_trackID8_opNum9_merged.root → copied (ms_ch=9)
[PASS] wvfFind_event2364_trackID7_opNum7_merged.root → copied (ms_ch=7)
[PASS] wvfFind_event2236_trackID13_opNum5_merged.root → copied (ms_ch=5)
[PASS] wvfFind_event4477_trackID8_opNum9_merged.root → copied (ms_ch=9)
[PASS] wvfFind_event2373_trackID16_opNum8_merged.root → copied (ms_ch=8)
[PASS] wvfFind_event4405_trackID11_opNum6_merged.root → copied (ms_ch=6)
[PASS] wvfFind_event621_trackID17_opNum7_merged.root → copied (ms_ch=7)
[PASS] wvfFind_event2236_trackID19_opNum8_merged.root → copied (ms_ch=8)
[PASS] wvfFind_event4685_trackID0_opNum8_merged.root → copied (ms_ch=8)
[PASS] wvfFind_event4223_trackID12_opNum8_merged.root → copied (ms_ch=8)
[PASS] wvfFind_event2772_trackID17_opNum5_merged.root → copied (ms_ch=5)
[PASS] wvfFind_event3609_trackID0_opNum6_merged.root → copied (ms_ch=6)
[PASS] wvfFind_event4366_trackID2_opNum9_merged.root → copied (ms_ch=9)
[PASS] wvfFind_event2042_trackID14_opNum8_merged.root → copied (ms_ch=8)
[PASS] wvfFind_event1699_trackID5_opNum9_merged.root → copied (ms_ch=9)
[PASS] wvfFind_event740_trackID14_opNum9_merged.root → copied (ms_ch=9)
[PASS] wvfFind_event3005_trackID1_opNum9_merged.root → copied (ms_ch=9)
[PASS] wvfFind_event1509_trackID26_opNum6_merged.root → copied (ms_ch=6)
[SKIP] wvfFind_event4055_trackID20_opNum1_merged.root (ms_ch=1)
[PASS] wvfFind_event4983_trackID5_opNum9_merged.root → copied (ms_ch=9)
[SKIP] wvfFind_event1776_trackID10_opNum3_merged.root (ms_ch=3)
[PASS] wvfFind_event2333_trackID11_opNum7_merged.root → copied (ms_ch=7)
[PASS] wvfFind_event3571_trackID1_opNum6_merged.root → copied (ms_ch=6)
[PASS] wvfFind_event3294_trackID7_opNum9_merged.root → copied (ms_ch=9)
[PASS] wvfFind_event1397_trackID9_opNum9_merged.root → copied (ms_ch=9)
[SKIP] wvfFind_event3596_trackID24_opNum1_merged.root (ms_ch=1)
[PASS] wvfFind_event2835_trackID7_opNum5_merged.root → copied (ms_ch=5)
[SKIP] wvfFind_event540_trackID9_opNum3_merged.root (ms_ch=3)
[PASS] wvfFind_event242_trackID8_opNum9_merged.root → copied (ms_ch=9)
[PASS] wvfFind_event2006_trackID5_opNum9_merged.root → copied (ms_ch=9)
[SKIP] wvfFind_event867_trackID16_opNum3.root (ms_ch=3)
[PASS] wvfFind_event1452_trackID5_opNum9_merged.root → copied (ms_ch=9)
[PASS] wvfFind_event3686_trackID5_opNum6_merged.root → copied (ms_ch=6)
[PASS] wvfFind_event2358_trackID7_opNum9_merged.root → copied (ms_ch=9)
[PASS] wvfFind_event1384_trackID17_opNum8_merged.root → copied (ms_ch=8)
[PASS] wvfFind_event3678_trackID20_opNum4_merged.root → copied (ms_ch=4)
[SKIP] wvfFind_event4612_trackID18_opNum1_merged.root (ms_ch=1)
[PASS] wvfFind_event3808_trackID23_opNum9_merged.root → copied (ms_ch=9)
[PASS] wvfFind_event4535_trackID10_opNum9_merged.root → copied (ms_ch=9)
[PASS] wvfFind_event2698_trackID3_opNum7_merged.root → copied (ms_ch=7)
[PASS] wvfFind_event1592_trackID19_opNum8_merged.root → copied (ms_ch=8)
[SKIP] wvfFind_event848_trackID16_opNum3_merged.root (ms_ch=3)
[PASS] wvfFind_event1202_trackID2_opNum8_merged.root → copied (ms_ch=8)
[PASS] wvfFind_event4496_trackID0_opNum9_merged.root → copied (ms_ch=9)
[PASS] wvfFind_event3767_trackID16_opNum9_merged.root → copied (ms_ch=9)
[PASS] wvfFind_event2174_trackID3_opNum9_merged.root → copied (ms_ch=9)
[PASS] wvfFind_event176_trackID26_opNum6_merged.root → copied (ms_ch=6)
[PASS] wvfFind_event4798_trackID9_opNum5_merged.root → copied (ms_ch=5)
[PASS] wvfFind_event1830_trackID20_opNum9_merged.root → copied (ms_ch=9)
[PASS] wvfFind_event2810_trackID7_opNum7_merged.root → copied (ms_ch=7)
[PASS] wvfFind_event1931_trackID6_opNum9_merged.root → copied (ms_ch=9)
[PASS] wvfFind_event3496_trackID25_opNum9_merged.root → copied (ms_ch=9)
[PASS] wvfFind_event4187_trackID6_opNum6_merged.root → copied (ms_ch=6)
[PASS] wvfFind_event4918_trackID4_opNum9_merged.root → copied (ms_ch=9)
[PASS] wvfFind_event1872_trackID10_opNum9_merged.root → copied (ms_ch=9)
[PASS] wvfFind_event3947_trackID3_opNum8_merged.root → copied (ms_ch=8)
[PASS] wvfFind_event4952_trackID3_opNum9_merged.root → copied (ms_ch=9)
[PASS] wvfFind_event4932_trackID10_opNum4_merged.root → copied (ms_ch=4)
[PASS] wvfFind_event2110_trackID10_opNum9_merged.root → copied (ms_ch=9)
[PASS] wvfFind_event2959_trackID2_opNum4_merged.root → copied (ms_ch=4)
[PASS] wvfFind_event3118_trackID2_opNum9_merged.root → copied (ms_ch=9)
[PASS] wvfFind_event2794_trackID9_opNum4_merged.root → copied (ms_ch=4)
[PASS] wvfFind_event1475_trackID1_opNum8_merged.root → copied (ms_ch=8)
[PASS] wvfFind_event1960_trackID11_opNum6_merged.root → copied (ms_ch=6)
[SKIP] wvfFind_event1894_trackID7_opNum3_merged.root (ms_ch=3)
[PASS] wvfFind_event2171_trackID11_opNum9_merged.root → copied (ms_ch=9)
[SKIP] wvfFind_event186_trackID21_opNum1_merged.root (ms_ch=1)
[SKIP] wvfFind_event4763_trackID1_opNum2.root (ms_ch=2)
[PASS] wvfFind_event2162_trackID13_opNum8_merged.root → copied (ms_ch=8)
[PASS] wvfFind_event4354_trackID11_opNum9_merged.root → copied (ms_ch=9)
[PASS] wvfFind_event3839_trackID10_opNum6_merged.root → copied (ms_ch=6)
[PASS] wvfFind_event1557_trackID6_opNum9_merged.root → copied (ms_ch=9)
[PASS] wvfFind_event4203_trackID7_opNum9_merged.root → copied (ms_ch=9)
[PASS] wvfFind_event4681_trackID22_opNum9_merged.root → copied (ms_ch=9)
[PASS] wvfFind_event2001_trackID14_opNum5_merged.root → copied (ms_ch=5)
[PASS] wvfFind_event682_trackID18_opNum7_merged.root → copied (ms_ch=7)
[PASS] wvfFind_event2975_trackID7_opNum8_merged.root → copied (ms_ch=8)
[PASS] wvfFind_event2100_trackID3_opNum8_merged.root → copied (ms_ch=8)
[PASS] wvfFind_event1365_trackID0_opNum4_merged.root → copied (ms_ch=4)
[PASS] wvfFind_event379_trackID6_opNum6_merged.root → copied (ms_ch=6)
[PASS] wvfFind_event1555_trackID2_opNum9_merged.root → copied (ms_ch=9)
[SKIP] wvfFind_event1441_trackID30_opNum1_merged.root (ms_ch=1)
[PASS] wvfFind_event1370_trackID12_opNum5_merged.root → copied (ms_ch=5)
[PASS] wvfFind_event1199_trackID0_opNum9_merged.root → copied (ms_ch=9)
[PASS] wvfFind_event4375_trackID4_opNum9_merged.root → copied (ms_ch=9)
[PASS] wvfFind_event3089_trackID7_opNum8_merged.root → copied (ms_ch=8)
[PASS] wvfFind_event1256_trackID12_opNum8_merged.root → copied (ms_ch=8)
[PASS] wvfFind_event4558_trackID7_opNum9_merged.root → copied (ms_ch=9)
[PASS] wvfFind_event2006_trackID3_opNum9_merged.root → copied (ms_ch=9)
[SKIP] wvfFind_event3059_trackID16_opNum2_merged.root (ms_ch=2)
[SKIP] wvfFind_event545_trackID4_opNum3.root (ms_ch=3)
[PASS] wvfFind_event1856_trackID4_opNum5_merged.root → copied (ms_ch=5)
[PASS] wvfFind_event1638_trackID13_opNum8_merged.root → copied (ms_ch=8)
[SKIP] wvfFind_event1659_trackID7_opNum3_merged.root (ms_ch=3)
[PASS] wvfFind_event2736_trackID12_opNum8.root → copied (ms_ch=8)
[PASS] wvfFind_event4794_trackID3_opNum9_merged.root → copied (ms_ch=9)
[PASS] wvfFind_event1921_trackID1_opNum9_merged.root → copied (ms_ch=9)
[PASS] wvfFind_event1330_trackID13_opNum9_merged.root → copied (ms_ch=9)
[PASS] wvfFind_event2561_trackID6_opNum9_merged.root → copied (ms_ch=9)
[PASS] wvfFind_event2623_trackID10_opNum7_merged.root → copied (ms_ch=7)
[PASS] wvfFind_event1890_trackID7_opNum5_merged.root → copied (ms_ch=5)
[PASS] wvfFind_event4529_trackID2_opNum9.root → copied (ms_ch=9)
[PASS] wvfFind_event3354_trackID15_opNum9_merged.root → copied (ms_ch=9)
[PASS] wvfFind_event3197_trackID2_opNum5_merged.root → copied (ms_ch=5)
[PASS] wvfFind_event4625_trackID8_opNum5_merged.root → copied (ms_ch=5)
[PASS] wvfFind_event4449_trackID6_opNum9_merged.root → copied (ms_ch=9)
[PASS] wvfFind_event3882_trackID3_opNum6_merged.root → copied (ms_ch=6)
[PASS] wvfFind_event1145_trackID8_opNum8_merged.root → copied (ms_ch=8)
[PASS] wvfFind_event3128_trackID24_opNum4_merged.root → copied (ms_ch=4)
[PASS] wvfFind_event423_trackID6_opNum9_merged.root → copied (ms_ch=9)
[PASS] wvfFind_event2194_trackID8_opNum9_merged.root → copied (ms_ch=9)
[PASS] wvfFind_event4785_trackID20_opNum5_merged.root → copied (ms_ch=5)
[PASS] wvfFind_event1182_trackID14_opNum9_merged.root → copied (ms_ch=9)
[PASS] wvfFind_event1490_trackID11_opNum9_merged.root → copied (ms_ch=9)
[PASS] wvfFind_event3537_trackID15_opNum6_merged.root → copied (ms_ch=6)
[SKIP] wvfFind_event3768_trackID4_opNum3.root (ms_ch=3)
[PASS] wvfFind_event4403_trackID14_opNum9_merged.root → copied (ms_ch=9)
[PASS] wvfFind_event2971_trackID6_opNum9_merged.root → copied (ms_ch=9)
[PASS] wvfFind_event2835_trackID18_opNum9_merged.root → copied (ms_ch=9)
[PASS] wvfFind_event3902_trackID5_opNum9_merged.root → copied (ms_ch=9)
[PASS] wvfFind_event2502_trackID16_opNum9_merged.root → copied (ms_ch=9)
[PASS] wvfFind_event4262_trackID13_opNum9_merged.root → copied (ms_ch=9)
[PASS] wvfFind_event3199_trackID10_opNum9_merged.root → copied (ms_ch=9)
[PASS] wvfFind_event2650_trackID1_opNum9_merged.root → copied (ms_ch=9)
[PASS] wvfFind_event2802_trackID0_opNum6_merged.root → copied (ms_ch=6)
[SKIP] wvfFind_event924_trackID9_opNum2_merged.root (ms_ch=2)
[PASS] wvfFind_event678_trackID2_opNum5_merged.root → copied (ms_ch=5)
[PASS] wvfFind_event1933_trackID7_opNum5_merged.root → copied (ms_ch=5)
[PASS] wvfFind_event4159_trackID3_opNum5_merged.root → copied (ms_ch=5)
[PASS] wvfFind_event2070_trackID8_opNum9_merged.root → copied (ms_ch=9)
[PASS] wvfFind_event2425_trackID24_opNum8_merged.root → copied (ms_ch=8)
[SKIP] wvfFind_event1195_trackID21_opNum2.root (ms_ch=2)
[PASS] wvfFind_event4219_trackID8_opNum9_merged.root → copied (ms_ch=9)
[PASS] wvfFind_event3044_trackID6_opNum9_merged.root → copied (ms_ch=9)
[PASS] wvfFind_event4756_trackID24_opNum9_merged.root → copied (ms_ch=9)
[PASS] wvfFind_event2530_trackID15_opNum9_merged.root → copied (ms_ch=9)
[PASS] wvfFind_event3109_trackID12_opNum8_merged.root → copied (ms_ch=8)
[PASS] wvfFind_event3086_trackID20_opNum7_merged.root → copied (ms_ch=7)
[PASS] wvfFind_event959_trackID27_opNum9_merged.root → copied (ms_ch=9)
[PASS] wvfFind_event329_trackID23_opNum4_merged.root → copied (ms_ch=4)
[PASS] wvfFind_event3348_trackID12_opNum9_merged.root → copied (ms_ch=9)
[PASS] wvfFind_event4939_trackID5_opNum9_merged.root → copied (ms_ch=9)
[PASS] wvfFind_event4773_trackID7_opNum9_merged.root → copied (ms_ch=9)
[PASS] wvfFind_event1070_trackID7_opNum9_merged.root → copied (ms_ch=9)
[PASS] wvfFind_event1623_trackID8_opNum9_merged.root → copied (ms_ch=9)
[PASS] wvfFind_event1772_trackID18_opNum7_merged.root → copied (ms_ch=7)
[SKIP] wvfFind_event32_trackID7_opNum3_merged.root (ms_ch=3)
[PASS] wvfFind_event4488_trackID1_opNum9_merged.root → copied (ms_ch=9)
[PASS] wvfFind_event2144_trackID21_opNum8_merged.root → copied (ms_ch=8)
[PASS] wvfFind_event1910_trackID7_opNum9_merged.root → copied (ms_ch=9)
[SKIP] wvfFind_event2852_trackID12_opNum3_merged.root (ms_ch=3)
[SKIP] wvfFind_event2751_trackID11_opNum1_merged.root (ms_ch=1)
[PASS] wvfFind_event1524_trackID9_opNum8_merged.root → copied (ms_ch=8)
[PASS] wvfFind_event1359_trackID12_opNum9_merged.root → copied (ms_ch=9)
[SKIP] wvfFind_event3609_trackID18_opNum3_merged.root (ms_ch=3)
[PASS] wvfFind_event2293_trackID24_opNum9_merged.root → copied (ms_ch=9)
[SKIP] wvfFind_event2624_trackID14_opNum2_merged.root (ms_ch=2)
[SKIP] wvfFind_event2060_trackID14_opNum1_merged.root (ms_ch=1)
[PASS] wvfFind_event1147_trackID20_opNum9_merged.root → copied (ms_ch=9)
[SKIP] wvfFind_event4792_trackID9_opNum3_merged.root (ms_ch=3)
[PASS] wvfFind_event4237_trackID8_opNum8_merged.root → copied (ms_ch=8)
[PASS] wvfFind_event1983_trackID1_opNum9_merged.root → copied (ms_ch=9)
[PASS] wvfFind_event1710_trackID8_opNum4_merged.root → copied (ms_ch=4)
[PASS] wvfFind_event473_trackID0_opNum9_merged.root → copied (ms_ch=9)
[PASS] wvfFind_event2210_trackID13_opNum8_merged.root → copied (ms_ch=8)
[PASS] wvfFind_event1225_trackID6_opNum5_merged.root → copied (ms_ch=5)
[PASS] wvfFind_event1398_trackID15_opNum8_merged.root → copied (ms_ch=8)
[PASS] wvfFind_event204_trackID5_opNum9_merged.root → copied (ms_ch=9)
[PASS] wvfFind_event1043_trackID6_opNum9.root → copied (ms_ch=9)
[PASS] wvfFind_event243_trackID8_opNum9_merged.root → copied (ms_ch=9)
[PASS] wvfFind_event72_trackID18_opNum9_merged.root → copied (ms_ch=9)
[PASS] wvfFind_event2063_trackID10_opNum9_merged.root → copied (ms_ch=9)
[PASS] wvfFind_event1756_trackID17_opNum9_merged.root → copied (ms_ch=9)
[PASS] wvfFind_event2914_trackID3_opNum9_merged.root → copied (ms_ch=9)
[PASS] wvfFind_event1667_trackID3_opNum8_merged.root → copied (ms_ch=8)
[PASS] wvfFind_event2420_trackID15_opNum5_merged.root → copied (ms_ch=5)
[PASS] wvfFind_event4582_trackID9_opNum9_merged.root → copied (ms_ch=9)
[PASS] wvfFind_event797_trackID9_opNum9_merged.root → copied (ms_ch=9)
[PASS] wvfFind_event1809_trackID10_opNum5_merged.root → copied (ms_ch=5)
[PASS] wvfFind_event2429_trackID25_opNum8_merged.root → copied (ms_ch=8)
[PASS] wvfFind_event2631_trackID15_opNum9_merged.root → copied (ms_ch=9)
[PASS] wvfFind_event3447_trackID15_opNum9_merged.root → copied (ms_ch=9)
[PASS] wvfFind_event2137_trackID13_opNum6_merged.root → copied (ms_ch=6)
[SKIP] wvfFind_event1779_trackID19_opNum3_merged.root (ms_ch=3)
[PASS] wvfFind_event363_trackID14_opNum6_merged.root → copied (ms_ch=6)
[PASS] wvfFind_event1492_trackID6_opNum8_merged.root → copied (ms_ch=8)
[PASS] wvfFind_event4656_trackID16_opNum8_merged.root → copied (ms_ch=8)
[PASS] wvfFind_event2281_trackID6_opNum9_merged.root → copied (ms_ch=9)
[PASS] wvfFind_event4807_trackID7_opNum7_merged.root → copied (ms_ch=7)
[PASS] wvfFind_event2116_trackID4_opNum9_merged.root → copied (ms_ch=9)
[PASS] wvfFind_event829_trackID12_opNum9_merged.root → copied (ms_ch=9)
[SKIP] wvfFind_event3344_trackID17_opNum1_merged.root (ms_ch=1)
[PASS] wvfFind_event3834_trackID19_opNum7_merged.root → copied (ms_ch=7)
[PASS] wvfFind_event2840_trackID6_opNum9_merged.root → copied (ms_ch=9)
[PASS] wvfFind_event2897_trackID32_opNum7_merged.root → copied (ms_ch=7)
[SKIP] wvfFind_event350_trackID15_opNum3_merged.root (ms_ch=3)
[SKIP] wvfFind_event632_trackID27_opNum2_merged.root (ms_ch=2)
[PASS] wvfFind_event3893_trackID15_opNum9_merged.root → copied (ms_ch=9)
[PASS] wvfFind_event806_trackID13_opNum8_merged.root → copied (ms_ch=8)
[PASS] wvfFind_event3597_trackID5_opNum6_merged.root → copied (ms_ch=6)
[PASS] wvfFind_event4773_trackID27_opNum7_merged.root → copied (ms_ch=7)
[SKIP] wvfFind_event310_trackID15_opNum1_merged.root (ms_ch=1)
[PASS] wvfFind_event2459_trackID32_opNum9_merged.root → copied (ms_ch=9)
[PASS] wvfFind_event2886_trackID5_opNum9_merged.root → copied (ms_ch=9)
[SKIP] wvfFind_event652_trackID1_opNum2_merged.root (ms_ch=2)
[PASS] wvfFind_event1723_trackID11_opNum9_merged.root → copied (ms_ch=9)
[SKIP] wvfFind_event3340_trackID11_opNum3_merged.root (ms_ch=3)
[PASS] wvfFind_event883_trackID11_opNum9_merged.root → copied (ms_ch=9)
[PASS] wvfFind_event4324_trackID31_opNum9_merged.root → copied (ms_ch=9)
[PASS] wvfFind_event3311_trackID11_opNum9_merged.root → copied (ms_ch=9)
[PASS] wvfFind_event1537_trackID12_opNum6_merged.root → copied (ms_ch=6)
[PASS] wvfFind_event683_trackID4_opNum7_merged.root → copied (ms_ch=7)
[PASS] wvfFind_event2012_trackID4_opNum9_merged.root → copied (ms_ch=9)
[PASS] wvfFind_event4025_trackID16_opNum8_merged.root → copied (ms_ch=8)
[PASS] wvfFind_event3534_trackID10_opNum9_merged.root → copied (ms_ch=9)
[PASS] wvfFind_event2308_trackID3_opNum8_merged.root → copied (ms_ch=8)
[PASS] wvfFind_event3045_trackID0_opNum9_merged.root → copied (ms_ch=9)
[PASS] wvfFind_event2068_trackID18_opNum9_merged.root → copied (ms_ch=9)
[PASS] wvfFind_event4985_trackID8_opNum8_merged.root → copied (ms_ch=8)
[PASS] wvfFind_event3467_trackID7_opNum5_merged.root → copied (ms_ch=5)
[SKIP] wvfFind_event4143_trackID13_opNum1_merged.root (ms_ch=1)
[PASS] wvfFind_event3116_trackID5_opNum8_merged.root → copied (ms_ch=8)
[PASS] wvfFind_event1923_trackID16_opNum9_merged.root → copied (ms_ch=9)
[PASS] wvfFind_event2561_trackID8_opNum9_merged.root → copied (ms_ch=9)
[PASS] wvfFind_event573_trackID24_opNum9_merged.root → copied (ms_ch=9)
[PASS] wvfFind_event160_trackID18_opNum9_merged.root → copied (ms_ch=9)
[PASS] wvfFind_event3200_trackID15_opNum6_merged.root → copied (ms_ch=6)
[PASS] wvfFind_event4530_trackID8_opNum9_merged.root → copied (ms_ch=9)
[SKIP] wvfFind_event1592_trackID21_opNum1_merged.root (ms_ch=1)
[PASS] wvfFind_event2466_trackID4_opNum9_merged.root → copied (ms_ch=9)
[PASS] wvfFind_event4924_trackID8_opNum6_merged.root → copied (ms_ch=6)
[PASS] wvfFind_event365_trackID3_opNum9_merged.root → copied (ms_ch=9)
[PASS] wvfFind_event3196_trackID7_opNum9_merged.root → copied (ms_ch=9)
[PASS] wvfFind_event4069_trackID0_opNum6_merged.root → copied (ms_ch=6)
[PASS] wvfFind_event4013_trackID15_opNum9_merged.root → copied (ms_ch=9)
[PASS] wvfFind_event1306_trackID13_opNum8_merged.root → copied (ms_ch=8)
[PASS] wvfFind_event3966_trackID8_opNum9_merged.root → copied (ms_ch=9)
[PASS] wvfFind_event1238_trackID16_opNum6_merged.root → copied (ms_ch=6)
[PASS] wvfFind_event606_trackID21_opNum7_merged.root → copied (ms_ch=7)
[SKIP] wvfFind_event3128_trackID24_opNum2_2.root (ms_ch=2)
[PASS] wvfFind_event3494_trackID22_opNum9_merged.root → copied (ms_ch=9)
[PASS] wvfFind_event4368_trackID11_opNum9_merged.root → copied (ms_ch=9)
[PASS] wvfFind_event3184_trackID14_opNum7_merged.root → copied (ms_ch=7)
[PASS] wvfFind_event4619_trackID21_opNum9_merged.root → copied (ms_ch=9)
[PASS] wvfFind_event3481_trackID6_opNum5_merged.root → copied (ms_ch=5)
[PASS] wvfFind_event2600_trackID0_opNum4_merged.root → copied (ms_ch=4)
[PASS] wvfFind_event4001_trackID16_opNum8_merged.root → copied (ms_ch=8)
[PASS] wvfFind_event1403_trackID17_opNum9_merged.root → copied (ms_ch=9)
[PASS] wvfFind_event2886_trackID20_opNum4_merged.root → copied (ms_ch=4)
[PASS] wvfFind_event1237_trackID0_opNum9_merged.root → copied (ms_ch=9)
[PASS] wvfFind_event3708_trackID14_opNum9_merged.root → copied (ms_ch=9)
[PASS] wvfFind_event789_trackID3_opNum9_merged.root → copied (ms_ch=9)
[PASS] wvfFind_event2170_trackID7_opNum6_merged.root → copied (ms_ch=6)
[PASS] wvfFind_event573_trackID15_opNum9_merged.root → copied (ms_ch=9)
[PASS] wvfFind_event1517_trackID0_opNum9_merged.root → copied (ms_ch=9)
[PASS] wvfFind_event388_trackID11_opNum7_merged.root → copied (ms_ch=7)
[PASS] wvfFind_event2666_trackID1_opNum9_merged.root → copied (ms_ch=9)
[PASS] wvfFind_event44_trackID5_opNum9_merged.root → copied (ms_ch=9)
[PASS] wvfFind_event3788_trackID15_opNum5_merged.root → copied (ms_ch=5)
[PASS] wvfFind_event1914_trackID0_opNum9_merged.root → copied (ms_ch=9)
[PASS] wvfFind_event4599_trackID2_opNum9_merged.root → copied (ms_ch=9)
[PASS] wvfFind_event104_trackID16_opNum9_merged.root → copied (ms_ch=9)
[SKIP] wvfFind_event272_trackID9_opNum3_merged.root (ms_ch=3)
[PASS] wvfFind_event2708_trackID1_opNum6_merged.root → copied (ms_ch=6)
[PASS] wvfFind_event4155_trackID0_opNum9_merged.root → copied (ms_ch=9)
[PASS] wvfFind_event2791_trackID1_opNum9_merged.root → copied (ms_ch=9)
[PASS] wvfFind_event4751_trackID11_opNum9_merged.root → copied (ms_ch=9)
[PASS] wvfFind_event391_trackID12_opNum9_merged.root → copied (ms_ch=9)
[SKIP] wvfFind_event2970_trackID23_opNum3_merged.root (ms_ch=3)
[PASS] wvfFind_event1261_trackID9_opNum7_merged.root → copied (ms_ch=7)
[SKIP] wvfFind_event792_trackID12_opNum1_merged.root (ms_ch=1)
[PASS] wvfFind_event2821_trackID9_opNum9_merged.root → copied (ms_ch=9)
[PASS] wvfFind_event4415_trackID15_opNum9_merged.root → copied (ms_ch=9)
[SKIP] wvfFind_event4413_trackID15_opNum3_merged.root (ms_ch=3)
[PASS] wvfFind_event890_trackID1_opNum9_merged.root → copied (ms_ch=9)
[PASS] wvfFind_event2319_trackID7_opNum6_merged.root → copied (ms_ch=6)
[PASS] wvfFind_event3200_trackID11_opNum9_merged.root → copied (ms_ch=9)
[PASS] wvfFind_event1185_trackID24_opNum6_merged.root → copied (ms_ch=6)
[PASS] wvfFind_event1640_trackID0_opNum9_merged.root → copied (ms_ch=9)
[PASS] wvfFind_event1664_trackID7_opNum9_merged.root → copied (ms_ch=9)
[SKIP] wvfFind_event3694_trackID5_opNum1_merged.root (ms_ch=1)
[PASS] wvfFind_event2428_trackID11_opNum9_merged.root → copied (ms_ch=9)
[SKIP] wvfFind_event2101_trackID12_opNum2_merged.root (ms_ch=2)
[SKIP] wvfFind_event2670_trackID23_opNum1_merged.root (ms_ch=1)
[PASS] wvfFind_event3599_trackID7_opNum9_merged.root → copied (ms_ch=9)
[PASS] wvfFind_event4745_trackID11_opNum7_merged.root → copied (ms_ch=7)
[PASS] wvfFind_event2746_trackID3_opNum6_merged.root → copied (ms_ch=6)
[PASS] wvfFind_event2551_trackID4_opNum5_merged.root → copied (ms_ch=5)
[PASS] wvfFind_event3782_trackID12_opNum9_merged.root → copied (ms_ch=9)
[PASS] wvfFind_event4547_trackID5_opNum9.root → copied (ms_ch=9)
[SKIP] wvfFind_event1267_trackID10_opNum1_merged.root (ms_ch=1)
[PASS] wvfFind_event2625_trackID18_opNum9_merged.root → copied (ms_ch=9)
[PASS] wvfFind_event3447_trackID14_opNum9_merged.root → copied (ms_ch=9)
[PASS] wvfFind_event2275_trackID18_opNum9_merged.root → copied (ms_ch=9)
[PASS] wvfFind_event4236_trackID12_opNum9_merged.root → copied (ms_ch=9)
[PASS] wvfFind_event1943_trackID9_opNum6_merged.root → copied (ms_ch=6)
[PASS] wvfFind_event4880_trackID11_opNum4_merged.root → copied (ms_ch=4)
[PASS] wvfFind_event1864_trackID17_opNum9_merged.root → copied (ms_ch=9)
[PASS] wvfFind_event3118_trackID19_opNum8_merged.root → copied (ms_ch=8)
[PASS] wvfFind_event4980_trackID0_opNum9_merged.root → copied (ms_ch=9)
[PASS] wvfFind_event3264_trackID2_opNum9_merged.root → copied (ms_ch=9)
[PASS] wvfFind_event1405_trackID20_opNum9_merged.root → copied (ms_ch=9)
[SKIP] wvfFind_event3006_trackID19_opNum1_merged.root (ms_ch=1)
[PASS] wvfFind_event1843_trackID9_opNum9_merged.root → copied (ms_ch=9)
[PASS] wvfFind_event595_trackID8_opNum9_merged.root → copied (ms_ch=9)
[PASS] wvfFind_event2313_trackID8_opNum8_merged.root → copied (ms_ch=8)
[PASS] wvfFind_event4113_trackID11_opNum9_merged.root → copied (ms_ch=9)
[PASS] wvfFind_event568_trackID9_opNum4_merged.root → copied (ms_ch=4)
[PASS] wvfFind_event1615_trackID45_opNum8_merged.root → copied (ms_ch=8)
[PASS] wvfFind_event3672_trackID9_opNum8_merged.root → copied (ms_ch=8)
[PASS] wvfFind_event681_trackID0_opNum9_merged.root → copied (ms_ch=9)
[PASS] wvfFind_event4458_trackID20_opNum8_merged.root → copied (ms_ch=8)
[PASS] wvfFind_event3399_trackID4_opNum6_merged.root → copied (ms_ch=6)
[PASS] wvfFind_event1969_trackID11_opNum9_merged.root → copied (ms_ch=9)
[PASS] wvfFind_event2314_trackID5_opNum9_merged.root → copied (ms_ch=9)
[PASS] wvfFind_event4357_trackID0_opNum9_merged.root → copied (ms_ch=9)
[PASS] wvfFind_event764_trackID4_opNum7_merged.root → copied (ms_ch=7)
[PASS] wvfFind_event3211_trackID5_opNum9_merged.root → copied (ms_ch=9)
[PASS] wvfFind_event3632_trackID4_opNum9_merged.root → copied (ms_ch=9)
[PASS] wvfFind_event2075_trackID16_opNum8_merged.root → copied (ms_ch=8)
[PASS] wvfFind_event3905_trackID21_opNum9_merged.root → copied (ms_ch=9)
[PASS] wvfFind_event2592_trackID15_opNum4_merged.root → copied (ms_ch=4)
[PASS] wvfFind_event4848_trackID0_opNum9_merged.root → copied (ms_ch=9)
[PASS] wvfFind_event970_trackID16_opNum9_merged.root → copied (ms_ch=9)
[PASS] wvfFind_event3668_trackID2_opNum9_merged.root → copied (ms_ch=9)
[PASS] wvfFind_event1830_trackID3_opNum7_merged.root → copied (ms_ch=7)
[PASS] wvfFind_event4871_trackID1_opNum9_merged.root → copied (ms_ch=9)
[PASS] wvfFind_event2356_trackID0_opNum6_merged.root → copied (ms_ch=6)
[PASS] wvfFind_event2588_trackID13_opNum9_merged.root → copied (ms_ch=9)
[PASS] wvfFind_event237_trackID6_opNum9_merged.root → copied (ms_ch=9)
[PASS] wvfFind_event3762_trackID9_opNum9_merged.root → copied (ms_ch=9)
[PASS] wvfFind_event1129_trackID14_opNum9_merged.root → copied (ms_ch=9)
[PASS] wvfFind_event2189_trackID18_opNum9_merged.root → copied (ms_ch=9)
[PASS] wvfFind_event4312_trackID9_opNum9_merged.root → copied (ms_ch=9)
[SKIP] wvfFind_event3709_trackID10_opNum1_merged.root (ms_ch=1)
[PASS] wvfFind_event1407_trackID5_opNum7_merged.root → copied (ms_ch=7)
[PASS] wvfFind_event4074_trackID11_opNum8_merged.root → copied (ms_ch=8)
[PASS] wvfFind_event1575_trackID2_opNum9_merged.root → copied (ms_ch=9)
[PASS] wvfFind_event2761_trackID13_opNum6_merged.root → copied (ms_ch=6)
[PASS] wvfFind_event4209_trackID5_opNum5_merged.root → copied (ms_ch=5)
[SKIP] wvfFind_event780_trackID18_opNum1_merged.root (ms_ch=1)
[PASS] wvfFind_event78_trackID10_opNum9_merged.root → copied (ms_ch=9)
[PASS] wvfFind_event2096_trackID3_opNum6_merged.root → copied (ms_ch=6)
[PASS] wvfFind_event1224_trackID15_opNum9_merged.root → copied (ms_ch=9)
[SKIP] wvfFind_event2537_trackID26_opNum3_merged.root (ms_ch=3)
[PASS] wvfFind_event2449_trackID26_opNum9_merged.root → copied (ms_ch=9)
[PASS] wvfFind_event3865_trackID4_opNum4_merged.root → copied (ms_ch=4)
[PASS] wvfFind_event4327_trackID7_opNum5_merged.root → copied (ms_ch=5)
[PASS] wvfFind_event3768_trackID10_opNum9_merged.root → copied (ms_ch=9)
[SKIP] wvfFind_event2140_trackID0_opNum2.root (ms_ch=2)
[PASS] wvfFind_event430_trackID12_opNum9_merged.root → copied (ms_ch=9)
[SKIP] wvfFind_event2490_trackID12_opNum1_merged.root (ms_ch=1)
[PASS] wvfFind_event2322_trackID9_opNum9_merged.root → copied (ms_ch=9)
[PASS] wvfFind_event4436_trackID11_opNum9_merged.root → copied (ms_ch=9)
[SKIP] wvfFind_event2281_trackID2_opNum3_merged.root (ms_ch=3)
[PASS] wvfFind_event3794_trackID16_opNum8_merged.root → copied (ms_ch=8)
[PASS] wvfFind_event2213_trackID22_opNum8_merged.root → copied (ms_ch=8)
[PASS] wvfFind_event2358_trackID19_opNum9_merged.root → copied (ms_ch=9)
[PASS] wvfFind_event3867_trackID10_opNum5_merged.root → copied (ms_ch=5)
[PASS] wvfFind_event841_trackID4_opNum9_merged.root → copied (ms_ch=9)
[PASS] wvfFind_event4135_trackID8_opNum9_merged.root → copied (ms_ch=9)
[PASS] wvfFind_event2005_trackID12_opNum9_merged.root → copied (ms_ch=9)
[PASS] wvfFind_event1371_trackID20_opNum7_merged.root → copied (ms_ch=7)
[PASS] wvfFind_event516_trackID15_opNum9_merged.root → copied (ms_ch=9)
[PASS] wvfFind_event616_trackID0_opNum9_merged.root → copied (ms_ch=9)
[PASS] wvfFind_event1858_trackID22_opNum6_merged.root → copied (ms_ch=6)
[PASS] wvfFind_event2125_trackID17_opNum8_merged.root → copied (ms_ch=8)
[PASS] wvfFind_event2558_trackID6_opNum9_merged.root → copied (ms_ch=9)
[PASS] wvfFind_event2442_trackID1_opNum9_merged.root → copied (ms_ch=9)
[PASS] wvfFind_event821_trackID1_opNum5_merged.root → copied (ms_ch=5)
[PASS] wvfFind_event2702_trackID0_opNum8_merged.root → copied (ms_ch=8)
[PASS] wvfFind_event3565_trackID20_opNum8_merged.root → copied (ms_ch=8)
[PASS] wvfFind_event1863_trackID8_opNum9_merged.root → copied (ms_ch=9)
[PASS] wvfFind_event2871_trackID22_opNum9_merged.root → copied (ms_ch=9)
[PASS] wvfFind_event1794_trackID22_opNum8_merged.root → copied (ms_ch=8)
[PASS] wvfFind_event4701_trackID5_opNum9_merged.root → copied (ms_ch=9)
[PASS] wvfFind_event350_trackID7_opNum6_merged.root → copied (ms_ch=6)
[PASS] wvfFind_event3577_trackID8_opNum4_merged.root → copied (ms_ch=4)
[PASS] wvfFind_event2345_trackID40_opNum7_merged.root → copied (ms_ch=7)
[PASS] wvfFind_event1229_trackID6_opNum5_merged.root → copied (ms_ch=5)
[SKIP] wvfFind_event3190_trackID12_opNum1_merged.root (ms_ch=1)
[PASS] wvfFind_event1938_trackID3_opNum9_merged.root → copied (ms_ch=9)
[PASS] wvfFind_event938_trackID25_opNum8_merged.root → copied (ms_ch=8)
[PASS] wvfFind_event2958_trackID2_opNum6_merged.root → copied (ms_ch=6)
[SKIP] wvfFind_event285_trackID21_opNum1_merged.root (ms_ch=1)
[PASS] wvfFind_event2231_trackID19_opNum8_merged.root → copied (ms_ch=8)
[PASS] wvfFind_event544_trackID8_opNum6_merged.root → copied (ms_ch=6)
[PASS] wvfFind_event1663_trackID14_opNum9_merged.root → copied (ms_ch=9)
[SKIP] wvfFind_event3071_trackID0_opNum1_merged.root (ms_ch=1)
[SKIP] wvfFind_event390_trackID6_opNum3_merged.root (ms_ch=3)
[PASS] wvfFind_event2210_trackID18_opNum9_merged.root → copied (ms_ch=9)
[PASS] wvfFind_event1821_trackID13_opNum9_merged.root → copied (ms_ch=9)
[PASS] wvfFind_event896_trackID16_opNum6_merged.root → copied (ms_ch=6)
[PASS] wvfFind_event2942_trackID8_opNum9_merged.root → copied (ms_ch=9)
[PASS] wvfFind_event2065_trackID27_opNum5_merged.root → copied (ms_ch=5)
[PASS] wvfFind_event923_trackID3_opNum9_merged.root → copied (ms_ch=9)
[PASS] wvfFind_event1341_trackID30_opNum9_merged.root → copied (ms_ch=9)
[PASS] wvfFind_event4954_trackID2_opNum4_merged.root → copied (ms_ch=4)
[SKIP] wvfFind_event3918_trackID4_opNum2_merged.root (ms_ch=2)
[PASS] wvfFind_event1895_trackID8_opNum9_merged.root → copied (ms_ch=9)
[PASS] wvfFind_event3728_trackID28_opNum4_merged.root → copied (ms_ch=4)
[PASS] wvfFind_event1632_trackID26_opNum8_merged.root → copied (ms_ch=8)
[PASS] wvfFind_event2196_trackID22_opNum9_merged.root → copied (ms_ch=9)
[PASS] wvfFind_event1645_trackID6_opNum6_merged.root → copied (ms_ch=6)
[PASS] wvfFind_event2230_trackID4_opNum9_merged.root → copied (ms_ch=9)
[PASS] wvfFind_event426_trackID0_opNum4_merged.root → copied (ms_ch=4)
[PASS] wvfFind_event4049_trackID5_opNum9_merged.root → copied (ms_ch=9)
[PASS] wvfFind_event4198_trackID6_opNum9_merged.root → copied (ms_ch=9)
[SKIP] wvfFind_event3910_trackID5_opNum1_merged.root (ms_ch=1)
[PASS] wvfFind_event4135_trackID20_opNum9_merged.root → copied (ms_ch=9)
[PASS] wvfFind_event292_trackID10_opNum4_merged.root → copied (ms_ch=4)
[SKIP] wvfFind_event1357_trackID25_opNum3_merged.root (ms_ch=3)
[PASS] wvfFind_event4463_trackID13_opNum9_merged.root → copied (ms_ch=9)
[PASS] wvfFind_event2068_trackID12_opNum6_merged.root → copied (ms_ch=6)
[PASS] wvfFind_event107_trackID16_opNum9_merged.root → copied (ms_ch=9)
[PASS] wvfFind_event4608_trackID8_opNum4_merged.root → copied (ms_ch=4)
[PASS] wvfFind_event4221_trackID5_opNum6_merged.root → copied (ms_ch=6)
[SKIP] wvfFind_event108_trackID21_opNum3_merged.root (ms_ch=3)
[PASS] wvfFind_event3166_trackID20_opNum9_merged.root → copied (ms_ch=9)
[PASS] wvfFind_event621_trackID24_opNum6_merged.root → copied (ms_ch=6)
[PASS] wvfFind_event3697_trackID13_opNum4_merged.root → copied (ms_ch=4)
[PASS] wvfFind_event912_trackID15_opNum8_merged.root → copied (ms_ch=8)
[PASS] wvfFind_event2618_trackID3_opNum9_merged.root → copied (ms_ch=9)
[PASS] wvfFind_event721_trackID7_opNum6_merged.root → copied (ms_ch=6)
[PASS] wvfFind_event1056_trackID10_opNum9_merged.root → copied (ms_ch=9)
[PASS] wvfFind_event2991_trackID7_opNum9_merged.root → copied (ms_ch=9)
[SKIP] wvfFind_event4747_trackID18_opNum1_merged.root (ms_ch=1)
[PASS] wvfFind_event2642_trackID8_opNum9_merged.root → copied (ms_ch=9)
[PASS] wvfFind_event2934_trackID10_opNum9_merged.root → copied (ms_ch=9)
[SKIP] wvfFind_event2079_trackID17_opNum1_merged.root (ms_ch=1)
[PASS] wvfFind_event4440_trackID10_opNum8_merged.root → copied (ms_ch=8)
[PASS] wvfFind_event4100_trackID6_opNum9_merged.root → copied (ms_ch=9)
[PASS] wvfFind_event3887_trackID16_opNum9_merged.root → copied (ms_ch=9)
[PASS] wvfFind_event153_trackID7_opNum9_merged.root → copied (ms_ch=9)
[PASS] wvfFind_event4402_trackID8_opNum9_merged.root → copied (ms_ch=9)
[PASS] wvfFind_event1424_trackID9_opNum9_merged.root → copied (ms_ch=9)
[PASS] wvfFind_event2841_trackID26_opNum6_merged.root → copied (ms_ch=6)
[PASS] wvfFind_event711_trackID8_opNum8_merged.root → copied (ms_ch=8)
[PASS] wvfFind_event1781_trackID18_opNum5_merged.root → copied (ms_ch=5)
[PASS] wvfFind_event1987_trackID8_opNum9_merged.root → copied (ms_ch=9)
[PASS] wvfFind_event2298_trackID10_opNum9_merged.root → copied (ms_ch=9)
[PASS] wvfFind_event1687_trackID18_opNum9_merged.root → copied (ms_ch=9)
[PASS] wvfFind_event3781_trackID6_opNum9_merged.root → copied (ms_ch=9)
[PASS] wvfFind_event4161_trackID8_opNum9_merged.root → copied (ms_ch=9)
[PASS] wvfFind_event4234_trackID17_opNum8_merged.root → copied (ms_ch=8)
[PASS] wvfFind_event1784_trackID12_opNum7_merged.root → copied (ms_ch=7)
[PASS] wvfFind_event2677_trackID20_opNum6_merged.root → copied (ms_ch=6)
[SKIP] wvfFind_event3610_trackID1_opNum3_merged.root (ms_ch=3)
[PASS] wvfFind_event4986_trackID10_opNum9_merged.root → copied (ms_ch=9)
[SKIP] wvfFind_event3923_trackID9_opNum2.root (ms_ch=2)
[PASS] wvfFind_event3492_trackID20_opNum9_merged.root → copied (ms_ch=9)
[PASS] wvfFind_event3395_trackID3_opNum6_merged.root → copied (ms_ch=6)
[PASS] wvfFind_event3494_trackID5_opNum6_merged.root → copied (ms_ch=6)
[PASS] wvfFind_event4330_trackID20_opNum8_merged.root → copied (ms_ch=8)
[SKIP] wvfFind_event3087_trackID4_opNum3_merged.root (ms_ch=3)
[PASS] wvfFind_event4352_trackID8_opNum9_merged.root → copied (ms_ch=9)
[SKIP] wvfFind_event307_trackID13_opNum1_merged.root (ms_ch=1)
[PASS] wvfFind_event3603_trackID7_opNum9_merged.root → copied (ms_ch=9)
[PASS] wvfFind_event3399_trackID10_opNum9_merged.root → copied (ms_ch=9)
[PASS] wvfFind_event1505_trackID10_opNum9_merged.root → copied (ms_ch=9)
[PASS] wvfFind_event1724_trackID3_opNum9_merged.root → copied (ms_ch=9)
[PASS] wvfFind_event416_trackID0_opNum9.root → copied (ms_ch=9)
[PASS] wvfFind_event2972_trackID12_opNum9_merged.root → copied (ms_ch=9)
[PASS] wvfFind_event3445_trackID6_opNum9_merged.root → copied (ms_ch=9)
[PASS] wvfFind_event4840_trackID2_opNum9_merged.root → copied (ms_ch=9)
[PASS] wvfFind_event1452_trackID0_opNum8_merged.root → copied (ms_ch=8)
[PASS] wvfFind_event1679_trackID9_opNum9_merged.root → copied (ms_ch=9)
[PASS] wvfFind_event2234_trackID6_opNum7_merged.root → copied (ms_ch=7)
[PASS] wvfFind_event2869_trackID2_opNum9_merged.root → copied (ms_ch=9)
[PASS] wvfFind_event883_trackID15_opNum9_merged.root → copied (ms_ch=9)
[PASS] wvfFind_event3202_trackID0_opNum9_merged.root → copied (ms_ch=9)
[PASS] wvfFind_event1826_trackID4_opNum5_merged.root → copied (ms_ch=5)
[PASS] wvfFind_event193_trackID12_opNum9_merged.root → copied (ms_ch=9)
[PASS] wvfFind_event808_trackID3_opNum4_merged.root → copied (ms_ch=4)
[PASS] wvfFind_event3689_trackID2_opNum9_merged.root → copied (ms_ch=9)
[PASS] wvfFind_event1427_trackID23_opNum9_merged.root → copied (ms_ch=9)
[PASS] wvfFind_event3621_trackID6_opNum4_merged.root → copied (ms_ch=4)
[PASS] wvfFind_event4708_trackID10_opNum8_merged.root → copied (ms_ch=8)
[SKIP] wvfFind_event4394_trackID2_opNum1_merged.root (ms_ch=1)
[PASS] wvfFind_event2430_trackID9_opNum9_merged.root → copied (ms_ch=9)
[PASS] wvfFind_event2367_trackID8_opNum5_merged.root → copied (ms_ch=5)
[PASS] wvfFind_event1933_trackID16_opNum7_merged.root → copied (ms_ch=7)
[PASS] wvfFind_event1035_trackID13_opNum9_merged.root → copied (ms_ch=9)
[PASS] wvfFind_event4313_trackID9_opNum9_merged.root → copied (ms_ch=9)
[PASS] wvfFind_event3999_trackID21_opNum7_merged.root → copied (ms_ch=7)
[PASS] wvfFind_event4507_trackID6_opNum9_merged.root → copied (ms_ch=9)
[PASS] wvfFind_event2950_trackID7_opNum7_merged.root → copied (ms_ch=7)
[PASS] wvfFind_event530_trackID11_opNum9_merged.root → copied (ms_ch=9)
[SKIP] wvfFind_event993_trackID11_opNum1_merged.root (ms_ch=1)
[PASS] wvfFind_event3362_trackID10_opNum6_merged.root → copied (ms_ch=6)
[PASS] wvfFind_event3374_trackID12_opNum8_merged.root → copied (ms_ch=8)
[PASS] wvfFind_event2991_trackID8_opNum8_merged.root → copied (ms_ch=8)
[PASS] wvfFind_event2206_trackID5_opNum6_merged.root → copied (ms_ch=6)
[PASS] wvfFind_event1712_trackID9_opNum6_merged.root → copied (ms_ch=6)
[PASS] wvfFind_event2389_trackID4_opNum8_merged.root → copied (ms_ch=8)
[SKIP] wvfFind_event2161_trackID15_opNum3_merged.root (ms_ch=3)
[PASS] wvfFind_event4655_trackID20_opNum6_merged.root → copied (ms_ch=6)
[PASS] wvfFind_event4836_trackID9_opNum9_merged.root → copied (ms_ch=9)
[PASS] wvfFind_event3520_trackID15_opNum9_merged.root → copied (ms_ch=9)
[PASS] wvfFind_event4205_trackID1_opNum9_merged.root → copied (ms_ch=9)
[PASS] wvfFind_event4072_trackID16_opNum9_merged.root → copied (ms_ch=9)
[PASS] wvfFind_event4160_trackID6_opNum9_merged.root → copied (ms_ch=9)
[PASS] wvfFind_event1027_trackID14_opNum9_merged.root → copied (ms_ch=9)
[PASS] wvfFind_event4111_trackID9_opNum9_merged.root → copied (ms_ch=9)
[PASS] wvfFind_event492_trackID12_opNum5_merged.root → copied (ms_ch=5)
[PASS] wvfFind_event2668_trackID24_opNum6_merged.root → copied (ms_ch=6)
[PASS] wvfFind_event1514_trackID9_opNum9_merged.root → copied (ms_ch=9)
[PASS] wvfFind_event1085_trackID1_opNum9_merged.root → copied (ms_ch=9)
[PASS] wvfFind_event3401_trackID11_opNum8_merged.root → copied (ms_ch=8)
[SKIP] wvfFind_event2690_trackID30_opNum3.root (ms_ch=3)
[PASS] wvfFind_event3471_trackID8_opNum6_merged.root → copied (ms_ch=6)
[PASS] wvfFind_event3351_trackID13_opNum8_merged.root → copied (ms_ch=8)
[PASS] wvfFind_event1785_trackID24_opNum9_merged.root → copied (ms_ch=9)
[PASS] wvfFind_event4510_trackID3_opNum9_merged.root → copied (ms_ch=9)
[PASS] wvfFind_event4533_trackID13_opNum8_merged.root → copied (ms_ch=8)
[PASS] wvfFind_event2694_trackID9_opNum6_merged.root → copied (ms_ch=6)
[PASS] wvfFind_event2478_trackID10_opNum5_merged.root → copied (ms_ch=5)
[PASS] wvfFind_event3641_trackID6_opNum7_merged.root → copied (ms_ch=7)
[PASS] wvfFind_event4581_trackID1_opNum9_merged.root → copied (ms_ch=9)
[PASS] wvfFind_event964_trackID5_opNum9_merged.root → copied (ms_ch=9)
[PASS] wvfFind_event877_trackID14_opNum6_merged.root → copied (ms_ch=6)
[PASS] wvfFind_event3111_trackID1_opNum9_merged.root → copied (ms_ch=9)
[PASS] wvfFind_event2603_trackID11_opNum5_merged.root → copied (ms_ch=5)
[SKIP] wvfFind_event3368_trackID15_opNum1_merged.root (ms_ch=1)
[SKIP] wvfFind_event215_trackID10_opNum3.root (ms_ch=3)
[PASS] wvfFind_event2923_trackID0_opNum9_merged.root → copied (ms_ch=9)
[PASS] wvfFind_event4308_trackID0_opNum5_merged.root → copied (ms_ch=5)
[PASS] wvfFind_event834_trackID5_opNum9_merged.root → copied (ms_ch=9)
[PASS] wvfFind_event4820_trackID9_opNum9_merged.root → copied (ms_ch=9)
[PASS] wvfFind_event2584_trackID14_opNum9_merged.root → copied (ms_ch=9)
[SKIP] wvfFind_event3266_trackID10_opNum1_merged.root (ms_ch=1)
[PASS] wvfFind_event2423_trackID8_opNum7_merged.root → copied (ms_ch=7)
[PASS] wvfFind_event2414_trackID6_opNum6_merged.root → copied (ms_ch=6)
[SKIP] wvfFind_event2901_trackID2_opNum1_merged.root (ms_ch=1)
[PASS] wvfFind_event3022_trackID6_opNum9_merged.root → copied (ms_ch=9)
[PASS] wvfFind_event193_trackID17_opNum6_merged.root → copied (ms_ch=6)
[PASS] wvfFind_event4844_trackID23_opNum6_merged.root → copied (ms_ch=6)
[PASS] wvfFind_event1502_trackID9_opNum9_merged.root → copied (ms_ch=9)
[PASS] wvfFind_event218_trackID1_opNum9_merged.root → copied (ms_ch=9)
[PASS] wvfFind_event2670_trackID3_opNum8_merged.root → copied (ms_ch=8)
[PASS] wvfFind_event2413_trackID4_opNum9_merged.root → copied (ms_ch=9)
[PASS] wvfFind_event2387_trackID14_opNum9_merged.root → copied (ms_ch=9)
[SKIP] wvfFind_event4498_trackID21_opNum2_merged.root (ms_ch=2)
[PASS] wvfFind_event1763_trackID14_opNum9_merged.root → copied (ms_ch=9)
[PASS] wvfFind_event1122_trackID19_opNum5_merged.root → copied (ms_ch=5)
[PASS] wvfFind_event2876_trackID6_opNum6_merged.root → copied (ms_ch=6)
[PASS] wvfFind_event1396_trackID16_opNum9_merged.root → copied (ms_ch=9)
[PASS] wvfFind_event3466_trackID23_opNum8_merged.root → copied (ms_ch=8)
[PASS] wvfFind_event4484_trackID14_opNum9_merged.root → copied (ms_ch=9)
[PASS] wvfFind_event855_trackID8_opNum9_merged.root → copied (ms_ch=9)
[PASS] wvfFind_event242_trackID7_opNum9_merged.root → copied (ms_ch=9)
[PASS] wvfFind_event2883_trackID2_opNum9_merged.root → copied (ms_ch=9)
[SKIP] wvfFind_event1929_trackID4_opNum3_merged.root (ms_ch=3)
[PASS] wvfFind_event4655_trackID16_opNum9_merged.root → copied (ms_ch=9)
[PASS] wvfFind_event3245_trackID20_opNum9_merged.root → copied (ms_ch=9)
[PASS] wvfFind_event4229_trackID15_opNum6_merged.root → copied (ms_ch=6)
[PASS] wvfFind_event3278_trackID3_opNum8_merged.root → copied (ms_ch=8)
[PASS] wvfFind_event1213_trackID11_opNum8_merged.root → copied (ms_ch=8)
[PASS] wvfFind_event1524_trackID11_opNum4_merged.root → copied (ms_ch=4)
[PASS] wvfFind_event3264_trackID4_opNum9_merged.root → copied (ms_ch=9)
[PASS] wvfFind_event1229_trackID9_opNum8_merged.root → copied (ms_ch=8)
[SKIP] wvfFind_event1876_trackID32_opNum1_merged.root (ms_ch=1)
[PASS] wvfFind_event3163_trackID8_opNum8_merged.root → copied (ms_ch=8)
[PASS] wvfFind_event1160_trackID17_opNum9_merged.root → copied (ms_ch=9)
[PASS] wvfFind_event4577_trackID2_opNum9_merged.root → copied (ms_ch=9)
[PASS] wvfFind_event1996_trackID3_opNum4_merged.root → copied (ms_ch=4)
[PASS] wvfFind_event3365_trackID9_opNum9_merged.root → copied (ms_ch=9)
[PASS] wvfFind_event928_trackID18_opNum8_merged.root → copied (ms_ch=8)
[PASS] wvfFind_event1008_trackID22_opNum9_merged.root → copied (ms_ch=9)
[PASS] wvfFind_event3420_trackID13_opNum9_merged.root → copied (ms_ch=9)
[PASS] wvfFind_event2119_trackID4_opNum8_merged.root → copied (ms_ch=8)
[PASS] wvfFind_event3669_trackID28_opNum8_merged.root → copied (ms_ch=8)
[PASS] wvfFind_event1183_trackID11_opNum9_merged.root → copied (ms_ch=9)
[PASS] wvfFind_event3375_trackID10_opNum8_merged.root → copied (ms_ch=8)
[PASS] wvfFind_event983_trackID12_opNum7.root → copied (ms_ch=7)
[SKIP] wvfFind_event2843_trackID1_opNum3.root (ms_ch=3)
[PASS] wvfFind_event2137_trackID11_opNum9_merged.root → copied (ms_ch=9)
[SKIP] wvfFind_event3790_trackID5_opNum2_merged.root (ms_ch=2)
[PASS] wvfFind_event404_trackID7_opNum5_merged.root → copied (ms_ch=5)
[PASS] wvfFind_event3558_trackID6_opNum9_merged.root → copied (ms_ch=9)
[PASS] wvfFind_event2365_trackID1_opNum9_merged.root → copied (ms_ch=9)
[PASS] wvfFind_event2351_trackID12_opNum8_merged.root → copied (ms_ch=8)
[PASS] wvfFind_event290_trackID27_opNum4_merged.root → copied (ms_ch=4)
[PASS] wvfFind_event1767_trackID10_opNum9_merged.root → copied (ms_ch=9)
[PASS] wvfFind_event4997_trackID3_opNum9_merged.root → copied (ms_ch=9)
[PASS] wvfFind_event102_trackID15_opNum5_merged.root → copied (ms_ch=5)
[PASS] wvfFind_event1184_trackID16_opNum9_merged.root → copied (ms_ch=9)
[PASS] wvfFind_event443_trackID4_opNum9_merged.root → copied (ms_ch=9)
[PASS] wvfFind_event2345_trackID17_opNum9_merged.root → copied (ms_ch=9)
[PASS] wvfFind_event991_trackID7_opNum9_merged.root → copied (ms_ch=9)
[PASS] wvfFind_event3729_trackID0_opNum9_merged.root → copied (ms_ch=9)
[SKIP] wvfFind_event1812_trackID4_opNum3_merged.root (ms_ch=3)
[PASS] wvfFind_event2123_trackID9_opNum8_merged.root → copied (ms_ch=8)
[PASS] wvfFind_event2956_trackID11_opNum9_merged.root → copied (ms_ch=9)
[SKIP] wvfFind_event4531_trackID5_opNum2_merged.root (ms_ch=2)
[PASS] wvfFind_event531_trackID23_opNum9_merged.root → copied (ms_ch=9)
[PASS] wvfFind_event4765_trackID4_opNum4_merged.root → copied (ms_ch=4)
[PASS] wvfFind_event2410_trackID13_opNum5_merged.root → copied (ms_ch=5)
[PASS] wvfFind_event153_trackID19_opNum8_merged.root → copied (ms_ch=8)
[PASS] wvfFind_event1965_trackID4_opNum9_merged.root → copied (ms_ch=9)
[PASS] wvfFind_event4798_trackID11_opNum9_merged.root → copied (ms_ch=9)
[PASS] wvfFind_event4073_trackID10_opNum8_merged.root → copied (ms_ch=8)
[PASS] wvfFind_event4837_trackID19_opNum7_merged.root → copied (ms_ch=7)
[SKIP] wvfFind_event1319_trackID26_opNum2_merged.root (ms_ch=2)
[PASS] wvfFind_event2202_trackID6_opNum9_merged.root → copied (ms_ch=9)
[PASS] wvfFind_event721_trackID11_opNum9_merged.root → copied (ms_ch=9)
[PASS] wvfFind_event1439_trackID0_opNum9.root → copied (ms_ch=9)
[PASS] wvfFind_event1772_trackID10_opNum9_merged.root → copied (ms_ch=9)
[PASS] wvfFind_event2420_trackID18_opNum8_merged.root → copied (ms_ch=8)
[PASS] wvfFind_event265_trackID1_opNum9_merged.root → copied (ms_ch=9)
[SKIP] wvfFind_event4198_trackID13_opNum2_merged.root (ms_ch=2)
[PASS] wvfFind_event4953_trackID16_opNum8_merged.root → copied (ms_ch=8)
[PASS] wvfFind_event4429_trackID10_opNum9_merged.root → copied (ms_ch=9)
[SKIP] wvfFind_event4797_trackID2_opNum1_merged.root (ms_ch=1)
[PASS] wvfFind_event1846_trackID16_opNum7_merged.root → copied (ms_ch=7)
[SKIP] wvfFind_event969_trackID14_opNum3_merged.root (ms_ch=3)
[PASS] wvfFind_event950_trackID15_opNum7_merged.root → copied (ms_ch=7)
[PASS] wvfFind_event1844_trackID15_opNum9_merged.root → copied (ms_ch=9)
[PASS] wvfFind_event4634_trackID14_opNum6_merged.root → copied (ms_ch=6)
[PASS] wvfFind_event4280_trackID24_opNum8_merged.root → copied (ms_ch=8)
[PASS] wvfFind_event3337_trackID5_opNum9_merged.root → copied (ms_ch=9)
[SKIP] wvfFind_event1607_trackID4_opNum2_merged.root (ms_ch=2)
[PASS] wvfFind_event4422_trackID10_opNum6_merged.root → copied (ms_ch=6)
[SKIP] wvfFind_event1803_trackID4_opNum3.root (ms_ch=3)
[PASS] wvfFind_event1669_trackID6_opNum9_merged.root → copied (ms_ch=9)
[SKIP] wvfFind_event789_trackID12_opNum2_merged.root (ms_ch=2)
[PASS] wvfFind_event3820_trackID7_opNum6_merged.root → copied (ms_ch=6)
[PASS] wvfFind_event268_trackID6_opNum9_merged.root → copied (ms_ch=9)
[PASS] wvfFind_event3291_trackID9_opNum7_merged.root → copied (ms_ch=7)
[PASS] wvfFind_event1886_trackID0_opNum9_merged.root → copied (ms_ch=9)
[PASS] wvfFind_event751_trackID0_opNum9_merged.root → copied (ms_ch=9)
[PASS] wvfFind_event4528_trackID4_opNum9_merged.root → copied (ms_ch=9)
[PASS] wvfFind_event2674_trackID15_opNum9_merged.root → copied (ms_ch=9)
[PASS] wvfFind_event4924_trackID7_opNum9_merged.root → copied (ms_ch=9)
[PASS] wvfFind_event717_trackID18_opNum5_merged.root → copied (ms_ch=5)
[PASS] wvfFind_event3519_trackID10_opNum9_merged.root → copied (ms_ch=9)
[SKIP] wvfFind_event2066_trackID26_opNum1_merged.root (ms_ch=1)
[SKIP] wvfFind_event2063_trackID21_opNum3_merged.root (ms_ch=3)
[PASS] wvfFind_event4823_trackID14_opNum9_merged.root → copied (ms_ch=9)
====================================================
[SUMMARY] Selected files : 638
[SUMMARY] Skipped files  : 116
[SUMMARY] Output saved in: /Volumes/ssd_zhang/work/thesis_michel/server_processing/t0_rootFiles/wvf_merged_applyCut_20251053/
====================================================
